[2026-09-17 15:48:35,453] 11 __main__ -INFO -TRAINING PIPELINE STARTED....
[2026-09-17 15:48:35,454] 23 src.components.data_ingestion -INFO -Data Ingestion started....
[2026-09-17 15:48:35,455] 26 src.components.data_ingestion -INFO -Data read successfullywith shape: (100, 6)
[2026-09-17 15:48:35,457] 31 src.components.data_ingestion -INFO -Performing train-test-split
[2026-09-17 15:48:35,480] 37 src.components.data_ingestion -INFO -Data Ingestion completed successfully...
[2026-09-17 15:48:35,480] 39 src.components.data_ingestion -INFO -----------
[2026-09-17 15:48:35,481] 61 src.components.data_transformation -INFO -Train and test data loaded for transformation
[2026-09-17 15:48:35,483] 51 src.components.data_transformation -INFO -preprocessor object created successfully...
[2026-09-17 15:48:35,483] 70 src.components.data_transformation -INFO -Applying preprocessing oon train and test data
[2026-09-17 15:48:35,494] 15 src.utils -INFO -Object saved successfully at : artifacts\preprocessor.pkl
[2026-09-17 15:48:35,494] 81 src.components.data_transformation -INFO -Preprcoessor bject saved as preprocessor.pkl
[2026-09-17 15:48:35,494] 24 src.components.model_trainer -INFO -Spliting train and test input data
[2026-09-17 15:48:35,524] 34 src.utils -INFO -LogisiticRegression -> Test Accuracy: 0.45
[2026-09-17 15:48:35,526] 34 src.utils -INFO -DecisionTree -> Test Accuracy: 0.44
[2026-09-17 15:48:35,611] 34 src.utils -INFO -RandomForest -> Test Accuracy: 0.40
[2026-09-17 15:48:35,615] 34 src.utils -INFO -KNeighboursClassifier -> Test Accuracy: 0.47
[2026-09-17 15:48:35,618] 34 src.utils -INFO -NaiveBayes -> Test Accuracy: 0.42
[2026-09-17 15:48:35,618] 45 src.components.model_trainer -INFO -Best Model saved as model.pkl ::: KNeighboursClassifier
[2026-09-17 15:48:35,619] 15 src.utils -INFO -Object saved successfully at : artifacts\model.pkl
[2026-09-17 15:48:35,619] 48 src.components.model_trainer -INFO -Best Model saved: KNeighboursClassifier
[2026-09-17 15:48:35,619] 25 __main__ -INFO -TRAINING PIPELINE COMPLETED | BEST MODEL: KNeighboursClassifier, Accuracy: 0.47
