[2026-09-17 12:36:31,070] 40 main -INFO -Prediction request received :: age45, genderFemale, fever93.0, coughMild,cityBangalore
[2026-09-17 12:36:31,071] 37 src.pipeline.predict_pipeline -INFO -Loading Model and Preprocessor
[2026-09-17 12:36:31,333] 49 src.pipeline.predict_pipeline -INFO -Prediction completed: Positive, confidence_score = 100.0
[2026-09-17 12:36:32,749] 40 main -INFO -Prediction request received :: age45, genderFemale, fever93.0, coughMild,cityBangalore
[2026-09-17 12:36:32,750] 37 src.pipeline.predict_pipeline -INFO -Loading Model and Preprocessor
[2026-09-17 12:36:32,769] 49 src.pipeline.predict_pipeline -INFO -Prediction completed: Positive, confidence_score = 100.0
[2026-09-17 12:36:35,938] 40 main -INFO -Prediction request received :: age45, genderFemale, fever93.0, coughMild,cityBangalore
[2026-09-17 12:36:35,939] 37 src.pipeline.predict_pipeline -INFO -Loading Model and Preprocessor
[2026-09-17 12:36:35,967] 49 src.pipeline.predict_pipeline -INFO -Prediction completed: Positive, confidence_score = 100.0
[2026-09-17 12:36:49,615] 40 main -INFO -Prediction request received :: age45, genderFemale, fever93.0, coughMild,cityBangalore
[2026-09-17 12:36:49,617] 37 src.pipeline.predict_pipeline -INFO -Loading Model and Preprocessor
[2026-09-17 12:36:49,629] 49 src.pipeline.predict_pipeline -INFO -Prediction completed: Positive, confidence_score = 100.0
[2026-09-17 12:36:55,379] 40 main -INFO -Prediction request received :: age45, genderMale, fever93.0, coughMild,cityBangalore
[2026-09-17 12:36:55,380] 37 src.pipeline.predict_pipeline -INFO -Loading Model and Preprocessor
[2026-09-17 12:36:55,400] 49 src.pipeline.predict_pipeline -INFO -Prediction completed: Positive, confidence_score = 100.0
[2026-09-17 12:37:03,115] 40 main -INFO -Prediction request received :: age25, genderMale, fever93.0, coughMild,cityBangalore
[2026-09-17 12:37:03,116] 37 src.pipeline.predict_pipeline -INFO -Loading Model and Preprocessor
[2026-09-17 12:37:03,141] 49 src.pipeline.predict_pipeline -INFO -Prediction completed: Positive, confidence_score = 100.0
[2026-09-17 12:37:04,513] 40 main -INFO -Prediction request received :: age25, genderMale, fever93.0, coughMild,cityBangalore
[2026-09-17 12:37:04,514] 37 src.pipeline.predict_pipeline -INFO -Loading Model and Preprocessor
[2026-09-17 12:37:04,533] 49 src.pipeline.predict_pipeline -INFO -Prediction completed: Positive, confidence_score = 100.0
[2026-09-17 12:37:05,863] 40 main -INFO -Prediction request received :: age25, genderMale, fever93.0, coughMild,cityBangalore
[2026-09-17 12:37:05,865] 37 src.pipeline.predict_pipeline -INFO -Loading Model and Preprocessor
[2026-09-17 12:37:05,879] 49 src.pipeline.predict_pipeline -INFO -Prediction completed: Positive, confidence_score = 100.0
[2026-09-17 12:37:06,280] 40 main -INFO -Prediction request received :: age25, genderMale, fever93.0, coughMild,cityBangalore
[2026-09-17 12:37:06,281] 37 src.pipeline.predict_pipeline -INFO -Loading Model and Preprocessor
[2026-09-17 12:37:06,299] 49 src.pipeline.predict_pipeline -INFO -Prediction completed: Positive, confidence_score = 100.0
[2026-09-17 12:37:06,713] 40 main -INFO -Prediction request received :: age25, genderMale, fever93.0, coughMild,cityBangalore
[2026-09-17 12:37:06,714] 37 src.pipeline.predict_pipeline -INFO -Loading Model and Preprocessor
[2026-09-17 12:37:06,730] 49 src.pipeline.predict_pipeline -INFO -Prediction completed: Positive, confidence_score = 100.0
[2026-09-17 12:37:07,049] 40 main -INFO -Prediction request received :: age25, genderMale, fever93.0, coughMild,cityBangalore
[2026-09-17 12:37:07,051] 37 src.pipeline.predict_pipeline -INFO -Loading Model and Preprocessor
[2026-09-17 12:37:07,070] 49 src.pipeline.predict_pipeline -INFO -Prediction completed: Positive, confidence_score = 100.0
[2026-09-17 12:37:07,465] 40 main -INFO -Prediction request received :: age25, genderMale, fever93.0, coughMild,cityBangalore
[2026-09-17 12:37:07,466] 37 src.pipeline.predict_pipeline -INFO -Loading Model and Preprocessor
[2026-09-17 12:37:07,483] 49 src.pipeline.predict_pipeline -INFO -Prediction completed: Positive, confidence_score = 100.0
[2026-09-17 12:37:08,516] 40 main -INFO -Prediction request received :: age25, genderMale, fever93.0, coughMild,cityBangalore
[2026-09-17 12:37:08,517] 37 src.pipeline.predict_pipeline -INFO -Loading Model and Preprocessor
[2026-09-17 12:37:08,527] 49 src.pipeline.predict_pipeline -INFO -Prediction completed: Positive, confidence_score = 100.0
[2026-09-17 12:37:08,687] 40 main -INFO -Prediction request received :: age25, genderMale, fever93.0, coughMild,cityBangalore
[2026-09-17 12:37:08,689] 37 src.pipeline.predict_pipeline -INFO -Loading Model and Preprocessor
[2026-09-17 12:37:08,708] 49 src.pipeline.predict_pipeline -INFO -Prediction completed: Positive, confidence_score = 100.0
[2026-09-17 12:37:08,857] 40 main -INFO -Prediction request received :: age25, genderMale, fever93.0, coughMild,cityBangalore
[2026-09-17 12:37:08,859] 37 src.pipeline.predict_pipeline -INFO -Loading Model and Preprocessor
[2026-09-17 12:37:08,873] 49 src.pipeline.predict_pipeline -INFO -Prediction completed: Positive, confidence_score = 100.0
[2026-09-17 12:37:09,014] 40 main -INFO -Prediction request received :: age25, genderMale, fever93.0, coughMild,cityBangalore
[2026-09-17 12:37:09,015] 37 src.pipeline.predict_pipeline -INFO -Loading Model and Preprocessor
[2026-09-17 12:37:09,033] 49 src.pipeline.predict_pipeline -INFO -Prediction completed: Positive, confidence_score = 100.0
[2026-09-17 12:37:09,232] 40 main -INFO -Prediction request received :: age25, genderMale, fever93.0, coughMild,cityBangalore
[2026-09-17 12:37:09,234] 37 src.pipeline.predict_pipeline -INFO -Loading Model and Preprocessor
[2026-09-17 12:37:09,250] 49 src.pipeline.predict_pipeline -INFO -Prediction completed: Positive, confidence_score = 100.0
[2026-09-17 12:37:12,478] 40 main -INFO -Prediction request received :: age25, genderMale, fever93.0, coughMild,cityBangalore
[2026-09-17 12:37:12,480] 37 src.pipeline.predict_pipeline -INFO -Loading Model and Preprocessor
[2026-09-17 12:37:12,497] 49 src.pipeline.predict_pipeline -INFO -Prediction completed: Positive, confidence_score = 100.0
[2026-09-17 12:37:20,050] 40 main -INFO -Prediction request received :: age25, genderMale, fever104.0, coughMild,cityBangalore
[2026-09-17 12:37:20,051] 37 src.pipeline.predict_pipeline -INFO -Loading Model and Preprocessor
[2026-09-17 12:37:20,071] 49 src.pipeline.predict_pipeline -INFO -Prediction completed: Negative, confidence_score = 100.0
[2026-09-17 12:37:52,923] 40 main -INFO -Prediction request received :: age25, genderMale, fever93.0, coughMild,cityBangalore
[2026-09-17 12:37:52,925] 37 src.pipeline.predict_pipeline -INFO -Loading Model and Preprocessor
[2026-09-17 12:37:52,944] 49 src.pipeline.predict_pipeline -INFO -Prediction completed: Positive, confidence_score = 100.0
