[2026-09-17 12:52:53,151] 40 main -INFO -Prediction request received :: age30, genderMale, fever96.0, coughMild,cityDelhi
[2026-09-17 12:52:53,153] 37 src.pipeline.predict_pipeline -INFO -Loading Model and Preprocessor
[2026-09-17 12:52:53,437] 49 src.pipeline.predict_pipeline -INFO -Prediction completed: Negative, confidence_score = 100.0
[2026-09-17 12:52:55,465] 40 main -INFO -Prediction request received :: age30, genderMale, fever96.0, coughMild,cityDelhi
[2026-09-17 12:52:55,466] 37 src.pipeline.predict_pipeline -INFO -Loading Model and Preprocessor
[2026-09-17 12:52:55,481] 49 src.pipeline.predict_pipeline -INFO -Prediction completed: Negative, confidence_score = 100.0
[2026-09-17 12:52:57,550] 40 main -INFO -Prediction request received :: age30, genderMale, fever96.0, coughMild,cityDelhi
[2026-09-17 12:52:57,551] 37 src.pipeline.predict_pipeline -INFO -Loading Model and Preprocessor
[2026-09-17 12:52:57,563] 49 src.pipeline.predict_pipeline -INFO -Prediction completed: Negative, confidence_score = 100.0
[2026-09-17 12:53:14,597] 40 main -INFO -Prediction request received :: age30, genderMale, fever102.0, coughStrong,cityDelhi
[2026-09-17 12:53:14,599] 37 src.pipeline.predict_pipeline -INFO -Loading Model and Preprocessor
[2026-09-17 12:53:14,612] 49 src.pipeline.predict_pipeline -INFO -Prediction completed: Negative, confidence_score = 100.0
[2026-09-17 12:53:25,382] 40 main -INFO -Prediction request received :: age30, genderMale, fever102.0, coughStrong,cityKolkata
[2026-09-17 12:53:25,383] 37 src.pipeline.predict_pipeline -INFO -Loading Model and Preprocessor
[2026-09-17 12:53:25,396] 49 src.pipeline.predict_pipeline -INFO -Prediction completed: Negative, confidence_score = 100.0
[2026-09-17 12:53:39,777] 40 main -INFO -Prediction request received :: age30, genderMale, fever96.0, coughStrong,cityKolkata
[2026-09-17 12:53:39,778] 37 src.pipeline.predict_pipeline -INFO -Loading Model and Preprocessor
[2026-09-17 12:53:39,793] 49 src.pipeline.predict_pipeline -INFO -Prediction completed: Negative, confidence_score = 100.0
[2026-09-17 12:53:49,753] 40 main -INFO -Prediction request received :: age30, genderMale, fever96.0, coughStrong,cityBangalore
[2026-09-17 12:53:49,755] 37 src.pipeline.predict_pipeline -INFO -Loading Model and Preprocessor
[2026-09-17 12:53:49,781] 49 src.pipeline.predict_pipeline -INFO -Prediction completed: Negative, confidence_score = 100.0
[2026-09-17 12:53:54,883] 40 main -INFO -Prediction request received :: age30, genderMale, fever96.0, coughStrong,cityDelhi
[2026-09-17 12:53:54,884] 37 src.pipeline.predict_pipeline -INFO -Loading Model and Preprocessor
[2026-09-17 12:53:54,906] 49 src.pipeline.predict_pipeline -INFO -Prediction completed: Negative, confidence_score = 100.0
[2026-09-17 12:54:03,788] 40 main -INFO -Prediction request received :: age40, genderMale, fever96.0, coughStrong,cityDelhi
[2026-09-17 12:54:03,790] 37 src.pipeline.predict_pipeline -INFO -Loading Model and Preprocessor
[2026-09-17 12:54:03,809] 49 src.pipeline.predict_pipeline -INFO -Prediction completed: Negative, confidence_score = 100.0
[2026-09-17 12:54:11,387] 40 main -INFO -Prediction request received :: age40, genderMale, fever101.0, coughStrong,cityDelhi
[2026-09-17 12:54:11,388] 37 src.pipeline.predict_pipeline -INFO -Loading Model and Preprocessor
[2026-09-17 12:54:11,405] 49 src.pipeline.predict_pipeline -INFO -Prediction completed: Negative, confidence_score = 100.0
[2026-09-17 12:54:17,568] 40 main -INFO -Prediction request received :: age40, genderMale, fever101.2, coughStrong,cityDelhi
[2026-09-17 12:54:17,569] 37 src.pipeline.predict_pipeline -INFO -Loading Model and Preprocessor
[2026-09-17 12:54:17,582] 49 src.pipeline.predict_pipeline -INFO -Prediction completed: Negative, confidence_score = 100.0
[2026-09-17 12:54:27,468] 40 main -INFO -Prediction request received :: age40, genderMale, fever104.3, coughStrong,cityDelhi
[2026-09-17 12:54:27,469] 37 src.pipeline.predict_pipeline -INFO -Loading Model and Preprocessor
[2026-09-17 12:54:27,490] 49 src.pipeline.predict_pipeline -INFO -Prediction completed: Negative, confidence_score = 100.0
[2026-09-17 12:54:38,997] 40 main -INFO -Prediction request received :: age35, genderMale, fever104.3, coughStrong,cityDelhi
[2026-09-17 12:54:38,998] 37 src.pipeline.predict_pipeline -INFO -Loading Model and Preprocessor
[2026-09-17 12:54:39,010] 49 src.pipeline.predict_pipeline -INFO -Prediction completed: Negative, confidence_score = 100.0
[2026-09-17 12:54:44,869] 40 main -INFO -Prediction request received :: age35, genderMale, fever104.3, coughMild,cityDelhi
[2026-09-17 12:54:44,871] 37 src.pipeline.predict_pipeline -INFO -Loading Model and Preprocessor
[2026-09-17 12:54:44,887] 49 src.pipeline.predict_pipeline -INFO -Prediction completed: Negative, confidence_score = 100.0
[2026-09-17 12:55:06,493] 40 main -INFO -Prediction request received :: age34, genderMale, fever96.4, coughMild,cityMumbai
[2026-09-17 12:55:06,494] 37 src.pipeline.predict_pipeline -INFO -Loading Model and Preprocessor
[2026-09-17 12:55:06,517] 49 src.pipeline.predict_pipeline -INFO -Prediction completed: Positive, confidence_score = 100.0
[2026-09-17 12:55:20,845] 40 main -INFO -Prediction request received :: age34, genderMale, fever96.4, coughMild,cityKolkata
[2026-09-17 12:55:20,846] 37 src.pipeline.predict_pipeline -INFO -Loading Model and Preprocessor
[2026-09-17 12:55:20,860] 49 src.pipeline.predict_pipeline -INFO -Prediction completed: Negative, confidence_score = 100.0
[2026-09-17 12:55:26,527] 40 main -INFO -Prediction request received :: age34, genderMale, fever96.4, coughMild,cityBangalore
[2026-09-17 12:55:26,529] 37 src.pipeline.predict_pipeline -INFO -Loading Model and Preprocessor
[2026-09-17 12:55:26,546] 49 src.pipeline.predict_pipeline -INFO -Prediction completed: Positive, confidence_score = 100.0
[2026-09-17 12:55:32,363] 40 main -INFO -Prediction request received :: age34, genderMale, fever96.4, coughMild,cityDelhi
[2026-09-17 12:55:32,365] 37 src.pipeline.predict_pipeline -INFO -Loading Model and Preprocessor
[2026-09-17 12:55:32,381] 49 src.pipeline.predict_pipeline -INFO -Prediction completed: Negative, confidence_score = 100.0
[2026-09-17 12:55:38,578] 40 main -INFO -Prediction request received :: age34, genderMale, fever96.4, coughMild,cityBangalore
[2026-09-17 12:55:38,579] 37 src.pipeline.predict_pipeline -INFO -Loading Model and Preprocessor
[2026-09-17 12:55:38,594] 49 src.pipeline.predict_pipeline -INFO -Prediction completed: Positive, confidence_score = 100.0
[2026-09-17 12:55:43,677] 40 main -INFO -Prediction request received :: age34, genderMale, fever96.4, coughMild,cityKolkata
[2026-09-17 12:55:43,678] 37 src.pipeline.predict_pipeline -INFO -Loading Model and Preprocessor
[2026-09-17 12:55:43,698] 49 src.pipeline.predict_pipeline -INFO -Prediction completed: Negative, confidence_score = 100.0
[2026-09-17 12:55:48,461] 40 main -INFO -Prediction request received :: age34, genderMale, fever96.4, coughMild,cityBangalore
[2026-09-17 12:55:48,462] 37 src.pipeline.predict_pipeline -INFO -Loading Model and Preprocessor
[2026-09-17 12:55:48,478] 49 src.pipeline.predict_pipeline -INFO -Prediction completed: Positive, confidence_score = 100.0
[2026-09-17 13:33:35,775] 40 main -INFO -Prediction request received :: age34, genderMale, fever96.4, coughMild,cityBangalore
[2026-09-17 13:33:35,780] 37 src.pipeline.predict_pipeline -INFO -Loading Model and Preprocessor
[2026-09-17 13:33:35,834] 49 src.pipeline.predict_pipeline -INFO -Prediction completed: Positive, confidence_score = 100.0
[2026-09-17 13:33:50,900] 40 main -INFO -Prediction request received :: age34, genderMale, fever96.4, coughMild,cityMumbai
[2026-09-17 13:33:50,904] 37 src.pipeline.predict_pipeline -INFO -Loading Model and Preprocessor
[2026-09-17 13:33:50,947] 49 src.pipeline.predict_pipeline -INFO -Prediction completed: Positive, confidence_score = 100.0
[2026-09-17 13:33:57,909] 40 main -INFO -Prediction request received :: age34, genderMale, fever96.4, coughMild,cityKolkata
[2026-09-17 13:33:57,913] 37 src.pipeline.predict_pipeline -INFO -Loading Model and Preprocessor
[2026-09-17 13:33:57,955] 49 src.pipeline.predict_pipeline -INFO -Prediction completed: Negative, confidence_score = 100.0
[2026-09-17 13:34:05,428] 40 main -INFO -Prediction request received :: age34, genderMale, fever96.4, coughMild,cityDelhi
[2026-09-17 13:34:05,430] 37 src.pipeline.predict_pipeline -INFO -Loading Model and Preprocessor
[2026-09-17 13:34:05,446] 49 src.pipeline.predict_pipeline -INFO -Prediction completed: Negative, confidence_score = 100.0
[2026-09-17 13:34:12,997] 40 main -INFO -Prediction request received :: age34, genderMale, fever96.4, coughMild,cityDelhi
[2026-09-17 13:34:12,999] 37 src.pipeline.predict_pipeline -INFO -Loading Model and Preprocessor
[2026-09-17 13:34:13,038] 49 src.pipeline.predict_pipeline -INFO -Prediction completed: Negative, confidence_score = 100.0
[2026-09-17 13:34:20,043] 40 main -INFO -Prediction request received :: age34, genderMale, fever96.4, coughMild,cityKolkata
[2026-09-17 13:34:20,044] 37 src.pipeline.predict_pipeline -INFO -Loading Model and Preprocessor
[2026-09-17 13:34:20,055] 49 src.pipeline.predict_pipeline -INFO -Prediction completed: Negative, confidence_score = 100.0
[2026-09-17 13:34:25,598] 40 main -INFO -Prediction request received :: age34, genderMale, fever96.4, coughMild,cityMumbai
[2026-09-17 13:34:25,599] 37 src.pipeline.predict_pipeline -INFO -Loading Model and Preprocessor
[2026-09-17 13:34:25,611] 49 src.pipeline.predict_pipeline -INFO -Prediction completed: Positive, confidence_score = 100.0
[2026-09-17 13:34:31,205] 40 main -INFO -Prediction request received :: age34, genderMale, fever96.4, coughMild,cityBangalore
[2026-09-17 13:34:31,207] 37 src.pipeline.predict_pipeline -INFO -Loading Model and Preprocessor
[2026-09-17 13:34:31,225] 49 src.pipeline.predict_pipeline -INFO -Prediction completed: Positive, confidence_score = 100.0
[2026-09-17 13:34:43,642] 40 main -INFO -Prediction request received :: age34, genderMale, fever104.0, coughMild,cityBangalore
[2026-09-17 13:34:43,646] 37 src.pipeline.predict_pipeline -INFO -Loading Model and Preprocessor
[2026-09-17 13:34:43,700] 49 src.pipeline.predict_pipeline -INFO -Prediction completed: Negative, confidence_score = 100.0
[2026-09-17 13:34:48,817] 40 main -INFO -Prediction request received :: age34, genderMale, fever104.0, coughMild,cityKolkata
[2026-09-17 13:34:48,819] 37 src.pipeline.predict_pipeline -INFO -Loading Model and Preprocessor
[2026-09-17 13:34:48,862] 49 src.pipeline.predict_pipeline -INFO -Prediction completed: Negative, confidence_score = 100.0
[2026-09-17 13:34:53,350] 40 main -INFO -Prediction request received :: age34, genderMale, fever104.0, coughMild,cityDelhi
[2026-09-17 13:34:53,352] 37 src.pipeline.predict_pipeline -INFO -Loading Model and Preprocessor
[2026-09-17 13:34:53,391] 49 src.pipeline.predict_pipeline -INFO -Prediction completed: Negative, confidence_score = 100.0
[2026-09-17 13:34:58,115] 40 main -INFO -Prediction request received :: age34, genderMale, fever104.0, coughMild,cityMumbai
[2026-09-17 13:34:58,117] 37 src.pipeline.predict_pipeline -INFO -Loading Model and Preprocessor
[2026-09-17 13:34:58,158] 49 src.pipeline.predict_pipeline -INFO -Prediction completed: Negative, confidence_score = 100.0
[2026-09-17 13:35:03,272] 40 main -INFO -Prediction request received :: age34, genderMale, fever104.0, coughMild,cityBangalore
[2026-09-17 13:35:03,274] 37 src.pipeline.predict_pipeline -INFO -Loading Model and Preprocessor
[2026-09-17 13:35:03,312] 49 src.pipeline.predict_pipeline -INFO -Prediction completed: Negative, confidence_score = 100.0
[2026-09-17 13:35:08,618] 40 main -INFO -Prediction request received :: age34, genderMale, fever104.0, coughStrong,cityBangalore
[2026-09-17 13:35:08,621] 37 src.pipeline.predict_pipeline -INFO -Loading Model and Preprocessor
[2026-09-17 13:35:08,664] 49 src.pipeline.predict_pipeline -INFO -Prediction completed: Negative, confidence_score = 100.0
[2026-09-17 13:35:14,003] 40 main -INFO -Prediction request received :: age34, genderMale, fever104.0, coughStrong,cityDelhi
[2026-09-17 13:35:14,007] 37 src.pipeline.predict_pipeline -INFO -Loading Model and Preprocessor
[2026-09-17 13:35:14,054] 49 src.pipeline.predict_pipeline -INFO -Prediction completed: Negative, confidence_score = 100.0
[2026-09-17 13:35:18,655] 40 main -INFO -Prediction request received :: age34, genderMale, fever104.0, coughStrong,cityKolkata
[2026-09-17 13:35:18,659] 37 src.pipeline.predict_pipeline -INFO -Loading Model and Preprocessor
[2026-09-17 13:35:18,697] 49 src.pipeline.predict_pipeline -INFO -Prediction completed: Negative, confidence_score = 100.0
[2026-09-17 13:35:23,955] 40 main -INFO -Prediction request received :: age34, genderMale, fever104.0, coughStrong,cityMumbai
[2026-09-17 13:35:23,958] 37 src.pipeline.predict_pipeline -INFO -Loading Model and Preprocessor
[2026-09-17 13:35:23,994] 49 src.pipeline.predict_pipeline -INFO -Prediction completed: Negative, confidence_score = 100.0
[2026-09-17 13:35:32,554] 40 main -INFO -Prediction request received :: age26, genderMale, fever104.0, coughStrong,cityMumbai
[2026-09-17 13:35:32,555] 37 src.pipeline.predict_pipeline -INFO -Loading Model and Preprocessor
[2026-09-17 13:35:32,567] 49 src.pipeline.predict_pipeline -INFO -Prediction completed: Negative, confidence_score = 100.0
[2026-09-17 13:35:35,561] 40 main -INFO -Prediction request received :: age26, genderMale, fever104.0, coughStrong,cityMumbai
[2026-09-17 13:35:35,562] 37 src.pipeline.predict_pipeline -INFO -Loading Model and Preprocessor
[2026-09-17 13:35:35,579] 49 src.pipeline.predict_pipeline -INFO -Prediction completed: Negative, confidence_score = 100.0
[2026-09-17 13:35:42,784] 40 main -INFO -Prediction request received :: age26, genderMale, fever104.0, coughStrong,cityDelhi
[2026-09-17 13:35:42,787] 37 src.pipeline.predict_pipeline -INFO -Loading Model and Preprocessor
[2026-09-17 13:35:42,831] 49 src.pipeline.predict_pipeline -INFO -Prediction completed: Negative, confidence_score = 100.0
[2026-09-17 13:35:47,137] 40 main -INFO -Prediction request received :: age26, genderMale, fever104.0, coughStrong,cityKolkata
[2026-09-17 13:35:47,139] 37 src.pipeline.predict_pipeline -INFO -Loading Model and Preprocessor
[2026-09-17 13:35:47,196] 49 src.pipeline.predict_pipeline -INFO -Prediction completed: Negative, confidence_score = 100.0
[2026-09-17 13:35:53,176] 40 main -INFO -Prediction request received :: age26, genderMale, fever104.0, coughStrong,cityMumbai
[2026-09-17 13:35:53,178] 37 src.pipeline.predict_pipeline -INFO -Loading Model and Preprocessor
[2026-09-17 13:35:53,216] 49 src.pipeline.predict_pipeline -INFO -Prediction completed: Negative, confidence_score = 100.0
[2026-09-17 13:35:58,339] 40 main -INFO -Prediction request received :: age26, genderMale, fever104.0, coughStrong,cityBangalore
[2026-09-17 13:35:58,341] 37 src.pipeline.predict_pipeline -INFO -Loading Model and Preprocessor
[2026-09-17 13:35:58,355] 49 src.pipeline.predict_pipeline -INFO -Prediction completed: Negative, confidence_score = 100.0
[2026-09-17 13:36:06,132] 40 main -INFO -Prediction request received :: age26, genderMale, fever96.0, coughStrong,cityBangalore
[2026-09-17 13:36:06,133] 37 src.pipeline.predict_pipeline -INFO -Loading Model and Preprocessor
[2026-09-17 13:36:06,150] 49 src.pipeline.predict_pipeline -INFO -Prediction completed: Negative, confidence_score = 100.0
[2026-09-17 13:36:13,460] 40 main -INFO -Prediction request received :: age26, genderMale, fever99.0, coughStrong,cityBangalore
[2026-09-17 13:36:13,461] 37 src.pipeline.predict_pipeline -INFO -Loading Model and Preprocessor
[2026-09-17 13:36:13,478] 49 src.pipeline.predict_pipeline -INFO -Prediction completed: Negative, confidence_score = 100.0
[2026-09-17 13:36:19,606] 40 main -INFO -Prediction request received :: age26, genderMale, fever99.0, coughStrong,cityDelhi
[2026-09-17 13:36:19,608] 37 src.pipeline.predict_pipeline -INFO -Loading Model and Preprocessor
[2026-09-17 13:36:19,623] 49 src.pipeline.predict_pipeline -INFO -Prediction completed: Negative, confidence_score = 100.0
[2026-09-17 13:36:23,858] 40 main -INFO -Prediction request received :: age26, genderMale, fever99.0, coughStrong,cityKolkata
[2026-09-17 13:36:23,862] 37 src.pipeline.predict_pipeline -INFO -Loading Model and Preprocessor
[2026-09-17 13:36:23,895] 49 src.pipeline.predict_pipeline -INFO -Prediction completed: Negative, confidence_score = 100.0
[2026-09-17 13:36:26,184] 40 main -INFO -Prediction request received :: age26, genderMale, fever99.0, coughStrong,cityKolkata
[2026-09-17 13:36:26,186] 37 src.pipeline.predict_pipeline -INFO -Loading Model and Preprocessor
[2026-09-17 13:36:26,217] 49 src.pipeline.predict_pipeline -INFO -Prediction completed: Negative, confidence_score = 100.0
[2026-09-17 13:36:32,174] 40 main -INFO -Prediction request received :: age26, genderMale, fever99.0, coughStrong,cityMumbai
[2026-09-17 13:36:32,175] 37 src.pipeline.predict_pipeline -INFO -Loading Model and Preprocessor
[2026-09-17 13:36:32,188] 49 src.pipeline.predict_pipeline -INFO -Prediction completed: Negative, confidence_score = 100.0
[2026-09-17 13:36:33,402] 40 main -INFO -Prediction request received :: age26, genderMale, fever99.0, coughStrong,cityMumbai
[2026-09-17 13:36:33,405] 37 src.pipeline.predict_pipeline -INFO -Loading Model and Preprocessor
[2026-09-17 13:36:33,421] 49 src.pipeline.predict_pipeline -INFO -Prediction completed: Negative, confidence_score = 100.0
[2026-09-17 13:36:44,102] 40 main -INFO -Prediction request received :: age26, genderMale, fever99.0, coughStrong,cityBangalore
[2026-09-17 13:36:44,103] 37 src.pipeline.predict_pipeline -INFO -Loading Model and Preprocessor
[2026-09-17 13:36:44,117] 49 src.pipeline.predict_pipeline -INFO -Prediction completed: Negative, confidence_score = 100.0
