[2026-09-17 15:51:04,915] 22 main -INFO -Home page accessed...
[2026-09-17 15:51:08,245] 27 main -INFO -Predict form page accessed.....
[2026-09-17 15:51:29,533] 40 main -INFO -Prediction request received :: age34, genderMale, fever102.0, coughStrong,cityKolkata
[2026-09-17 15:51:29,539] 37 src.pipeline.predict_pipeline -INFO -Loading Model and Preprocessor
[2026-09-17 15:51:29,970] 49 src.pipeline.predict_pipeline -INFO -Prediction completed: Negative, confidence_score = 80.0
[2026-09-17 15:51:52,404] 40 main -INFO -Prediction request received :: age33, genderFemale, fever100.0, coughMild,cityKolkata
[2026-09-17 15:51:52,406] 37 src.pipeline.predict_pipeline -INFO -Loading Model and Preprocessor
[2026-09-17 15:51:52,429] 49 src.pipeline.predict_pipeline -INFO -Prediction completed: Negative, confidence_score = 80.0
[2026-09-17 15:52:14,102] 40 main -INFO -Prediction request received :: age33, genderFemale, fever100.0, coughStrong,cityMumbai
[2026-09-17 15:52:14,103] 37 src.pipeline.predict_pipeline -INFO -Loading Model and Preprocessor
[2026-09-17 15:52:14,119] 49 src.pipeline.predict_pipeline -INFO -Prediction completed: Negative, confidence_score = 80.0
[2026-09-17 15:52:20,877] 40 main -INFO -Prediction request received :: age33, genderFemale, fever100.0, coughStrong,cityDelhi
[2026-09-17 15:52:20,878] 37 src.pipeline.predict_pipeline -INFO -Loading Model and Preprocessor
[2026-09-17 15:52:20,895] 49 src.pipeline.predict_pipeline -INFO -Prediction completed: Negative, confidence_score = 80.0
[2026-09-17 15:52:40,576] 40 main -INFO -Prediction request received :: age20, genderFemale, fever96.8, coughStrong,cityMumbai
[2026-09-17 15:52:40,577] 37 src.pipeline.predict_pipeline -INFO -Loading Model and Preprocessor
[2026-09-17 15:52:40,591] 49 src.pipeline.predict_pipeline -INFO -Prediction completed: Negative, confidence_score = 60.0
[2026-09-17 15:53:22,339] 40 main -INFO -Prediction request received :: age20, genderMale, fever99.9, coughMild,cityMumbai
[2026-09-17 15:53:22,340] 37 src.pipeline.predict_pipeline -INFO -Loading Model and Preprocessor
[2026-09-17 15:53:22,356] 49 src.pipeline.predict_pipeline -INFO -Prediction completed: Negative, confidence_score = 60.0
[2026-09-17 15:53:29,883] 40 main -INFO -Prediction request received :: age20, genderMale, fever100.7, coughMild,cityMumbai
[2026-09-17 15:53:29,884] 37 src.pipeline.predict_pipeline -INFO -Loading Model and Preprocessor
[2026-09-17 15:53:29,905] 49 src.pipeline.predict_pipeline -INFO -Prediction completed: Negative, confidence_score = 60.0
[2026-09-17 15:55:15,729] 40 main -INFO -Prediction request received :: age20, genderMale, fever102.4, coughMild,cityMumbai
[2026-09-17 15:55:15,731] 37 src.pipeline.predict_pipeline -INFO -Loading Model and Preprocessor
[2026-09-17 15:55:15,748] 49 src.pipeline.predict_pipeline -INFO -Prediction completed: Negative, confidence_score = 60.0
[2026-09-17 15:55:28,769] 40 main -INFO -Prediction request received :: age20, genderMale, fever102.4, coughMild,cityMumbai
[2026-09-17 15:55:28,770] 37 src.pipeline.predict_pipeline -INFO -Loading Model and Preprocessor
[2026-09-17 15:55:28,783] 49 src.pipeline.predict_pipeline -INFO -Prediction completed: Negative, confidence_score = 60.0
[2026-09-17 15:55:33,878] 40 main -INFO -Prediction request received :: age20, genderMale, fever102.4, coughStrong,cityMumbai
[2026-09-17 15:55:33,879] 37 src.pipeline.predict_pipeline -INFO -Loading Model and Preprocessor
[2026-09-17 15:55:33,903] 49 src.pipeline.predict_pipeline -INFO -Prediction completed: Negative, confidence_score = 60.0
[2026-09-17 15:55:42,663] 40 main -INFO -Prediction request received :: age20, genderMale, fever102.4, coughStrong,cityMumbai
[2026-09-17 15:55:42,664] 37 src.pipeline.predict_pipeline -INFO -Loading Model and Preprocessor
[2026-09-17 15:55:42,682] 49 src.pipeline.predict_pipeline -INFO -Prediction completed: Negative, confidence_score = 60.0
[2026-09-17 15:55:51,585] 40 main -INFO -Prediction request received :: age20, genderMale, fever102.4, coughStrong,cityDelhi
[2026-09-17 15:55:51,587] 37 src.pipeline.predict_pipeline -INFO -Loading Model and Preprocessor
[2026-09-17 15:55:51,608] 49 src.pipeline.predict_pipeline -INFO -Prediction completed: Negative, confidence_score = 60.0
[2026-09-17 15:56:00,215] 40 main -INFO -Prediction request received :: age20, genderMale, fever102.4, coughStrong,cityBangalore
[2026-09-17 15:56:00,219] 37 src.pipeline.predict_pipeline -INFO -Loading Model and Preprocessor
[2026-09-17 15:56:00,246] 49 src.pipeline.predict_pipeline -INFO -Prediction completed: Negative, confidence_score = 60.0
[2026-09-17 15:58:16,703] 40 main -INFO -Prediction request received :: age20, genderMale, fever102.4, coughStrong,cityBangalore
[2026-09-17 15:58:16,704] 37 src.pipeline.predict_pipeline -INFO -Loading Model and Preprocessor
[2026-09-17 15:58:16,721] 49 src.pipeline.predict_pipeline -INFO -Prediction completed: Negative, confidence_score = 60.0
[2026-09-17 15:58:40,713] 40 main -INFO -Prediction request received :: age20, genderMale, fever102.4, coughStrong,cityBangalore
[2026-09-17 15:58:40,714] 37 src.pipeline.predict_pipeline -INFO -Loading Model and Preprocessor
[2026-09-17 15:58:40,729] 49 src.pipeline.predict_pipeline -INFO -Prediction completed: Negative, confidence_score = 60.0
[2026-09-17 15:58:50,768] 40 main -INFO -Prediction request received :: age20, genderMale, fever104.7, coughStrong,cityBangalore
[2026-09-17 15:58:50,769] 37 src.pipeline.predict_pipeline -INFO -Loading Model and Preprocessor
[2026-09-17 15:58:50,788] 49 src.pipeline.predict_pipeline -INFO -Prediction completed: Negative, confidence_score = 60.0
[2026-09-17 15:58:55,562] 40 main -INFO -Prediction request received :: age20, genderMale, fever104.7, coughStrong,cityKolkata
[2026-09-17 15:58:55,562] 37 src.pipeline.predict_pipeline -INFO -Loading Model and Preprocessor
[2026-09-17 15:58:55,584] 49 src.pipeline.predict_pipeline -INFO -Prediction completed: Negative, confidence_score = 60.0
[2026-09-17 15:59:40,698] 40 main -INFO -Prediction request received :: age45, genderMale, fever102.5, coughStrong,cityMumbai
[2026-09-17 15:59:40,699] 37 src.pipeline.predict_pipeline -INFO -Loading Model and Preprocessor
[2026-09-17 15:59:40,716] 49 src.pipeline.predict_pipeline -INFO -Prediction completed: Negative, confidence_score = 60.0
[2026-09-17 15:59:43,468] 40 main -INFO -Prediction request received :: age45, genderMale, fever102.5, coughStrong,cityMumbai
[2026-09-17 15:59:43,469] 37 src.pipeline.predict_pipeline -INFO -Loading Model and Preprocessor
[2026-09-17 15:59:43,485] 49 src.pipeline.predict_pipeline -INFO -Prediction completed: Negative, confidence_score = 60.0
[2026-09-17 16:00:39,991] 40 main -INFO -Prediction request received :: age45, genderMale, fever102.5, coughStrong,cityMumbai
[2026-09-17 16:00:39,992] 37 src.pipeline.predict_pipeline -INFO -Loading Model and Preprocessor
[2026-09-17 16:00:40,006] 49 src.pipeline.predict_pipeline -INFO -Prediction completed: Negative, confidence_score = 60.0
[2026-09-17 16:11:47,574] 40 main -INFO -Prediction request received :: age45, genderMale, fever102.5, coughStrong,cityMumbai
[2026-09-17 16:11:47,578] 37 src.pipeline.predict_pipeline -INFO -Loading Model and Preprocessor
[2026-09-17 16:11:47,629] 49 src.pipeline.predict_pipeline -INFO -Prediction completed: Negative, confidence_score = 60.0
[2026-09-17 16:12:55,841] 40 main -INFO -Prediction request received :: age45, genderMale, fever102.5, coughStrong,cityMumbai
[2026-09-17 16:12:55,846] 37 src.pipeline.predict_pipeline -INFO -Loading Model and Preprocessor
[2026-09-17 16:12:55,890] 49 src.pipeline.predict_pipeline -INFO -Prediction completed: Negative, confidence_score = 60.0
[2026-09-17 16:12:58,927] 40 main -INFO -Prediction request received :: age45, genderMale, fever102.5, coughStrong,cityMumbai
[2026-09-17 16:12:58,930] 37 src.pipeline.predict_pipeline -INFO -Loading Model and Preprocessor
[2026-09-17 16:12:58,973] 49 src.pipeline.predict_pipeline -INFO -Prediction completed: Negative, confidence_score = 60.0
[2026-09-17 16:13:31,131] 40 main -INFO -Prediction request received :: age45, genderMale, fever100.4, coughStrong,cityMumbai
[2026-09-17 16:13:31,135] 37 src.pipeline.predict_pipeline -INFO -Loading Model and Preprocessor
[2026-09-17 16:13:31,178] 49 src.pipeline.predict_pipeline -INFO -Prediction completed: Negative, confidence_score = 60.0
[2026-09-17 16:17:43,487] 40 main -INFO -Prediction request received :: age80, genderMale, fever100.0, coughMild,cityBangalore
[2026-09-17 16:17:43,490] 37 src.pipeline.predict_pipeline -INFO -Loading Model and Preprocessor
[2026-09-17 16:17:43,531] 49 src.pipeline.predict_pipeline -INFO -Prediction completed: Negative, confidence_score = 60.0
[2026-09-17 16:18:43,697] 40 main -INFO -Prediction request received :: age60, genderMale, fever102.9, coughMild,cityKolkata
[2026-09-17 16:18:43,700] 37 src.pipeline.predict_pipeline -INFO -Loading Model and Preprocessor
[2026-09-17 16:18:43,741] 49 src.pipeline.predict_pipeline -INFO -Prediction completed: Positive, confidence_score = 80.0
[2026-09-17 16:18:53,710] 40 main -INFO -Prediction request received :: age60, genderMale, fever103.0, coughMild,cityKolkata
[2026-09-17 16:18:53,714] 37 src.pipeline.predict_pipeline -INFO -Loading Model and Preprocessor
[2026-09-17 16:18:53,766] 49 src.pipeline.predict_pipeline -INFO -Prediction completed: Positive, confidence_score = 80.0
[2026-09-17 22:17:47,056] 40 main -INFO -Prediction request received :: age60, genderMale, fever103.0, coughMild,cityKolkata
[2026-09-17 22:17:47,096] 37 src.pipeline.predict_pipeline -INFO -Loading Model and Preprocessor
[2026-09-17 22:17:47,324] 49 src.pipeline.predict_pipeline -INFO -Prediction completed: Positive, confidence_score = 80.0
