[2026-09-15 20:31:01,089] 11 __main__ -INFO -TRAINING PIPELINE STARTED....
[2026-09-15 20:31:01,091] 23 src.components.data_ingestion -INFO -Data Ingestion started....
[2026-09-15 20:31:01,095] 26 src.components.data_ingestion -INFO -Data read successfullywith shape: (100, 6)
[2026-09-15 20:31:01,099] 31 src.components.data_ingestion -INFO -Performing train-test-split
[2026-09-15 20:31:01,134] 37 src.components.data_ingestion -INFO -Data Ingestion completed successfully...
[2026-09-15 20:31:01,135] 39 src.components.data_ingestion -INFO -----------
[2026-09-15 20:31:01,136] 61 src.components.data_transformation -INFO -Train and test data loaded for transformation
[2026-09-15 20:31:01,139] 51 src.components.data_transformation -INFO -preprocessor object created successfully...
[2026-09-15 20:31:01,139] 70 src.components.data_transformation -INFO -Applying preprocessing oon train and test data
[2026-09-15 20:31:01,157] 15 src.utils -INFO -Object saved successfully at : artifacts\preprocessor.pkl
[2026-09-15 20:31:01,157] 81 src.components.data_transformation -INFO -Preprcoessor bject saved as preprocessor.pkl
[2026-09-15 20:31:01,158] 23 src.components.model_trainer -INFO -Spliting train and test input data
[2026-09-15 20:31:01,180] 34 src.utils -INFO -LogisiticRegression -> Test Accuracy: 0.45
[2026-09-15 20:31:01,182] 34 src.utils -INFO -DecisionTree -> Test Accuracy: 0.47
[2026-09-15 20:31:01,226] 34 src.utils -INFO -RandomForest -> Test Accuracy: 0.38
[2026-09-15 20:31:01,229] 34 src.utils -INFO -KNeighboursClassifier -> Test Accuracy: 0.47
[2026-09-15 20:31:01,230] 43 src.components.model_trainer -INFO -Best Model saved as model.pkl ::: DecisionTree
[2026-09-15 20:31:01,230] 15 src.utils -INFO -Object saved successfully at : artifacts\model.pkl
[2026-09-15 20:31:01,231] 46 src.components.model_trainer -INFO -Best Model saved: DecisionTree
[2026-09-15 20:31:01,231] 25 __main__ -INFO -TRAINING PIPELINE COMPLETED | BEST MODEL: DecisionTree, Accuracy: 0.47
