[2026-09-24 22:55:30,122] 91 main -INFO -Clinic homepage accessed
[2026-09-24 22:55:31,265] 91 main -INFO -Clinic homepage accessed
[2026-09-24 22:55:39,024] 91 main -INFO -Clinic homepage accessed
[2026-09-24 22:55:40,944] 91 main -INFO -Clinic homepage accessed
[2026-09-24 22:55:48,907] 162 main -INFO -Doctors page accessed. Specialization: 4
[2026-09-24 22:55:51,674] 253 main -INFO -Doctor profile accessed. Doctor ID: 17
[2026-09-24 22:55:57,906] 343 main -INFO -Appointment form opened. Slot ID: 673
[2026-09-24 22:59:43,609] 162 main -INFO -Doctors page accessed. Specialization: 6
[2026-09-24 23:00:00,721] 253 main -INFO -Doctor profile accessed. Doctor ID: 29
[2026-09-24 23:00:15,062] 343 main -INFO -Appointment form opened. Slot ID: 1177
[2026-09-24 23:01:35,538] 450 main -INFO -Appointment request received. Patient ID: 34, Slot ID: 1177
[2026-09-24 23:01:35,569] 585 main -INFO -Appointment created successfully. Appointment ID: 5
[2026-09-24 23:01:44,298] 253 main -INFO -Doctor profile accessed. Doctor ID: 29
[2026-09-24 23:01:52,504] 343 main -INFO -Appointment form opened. Slot ID: 1178
[2026-09-24 23:02:26,438] 450 main -INFO -Appointment request received. Patient ID: 34, Slot ID: 1178
[2026-09-24 23:02:26,459] 585 main -INFO -Appointment created successfully. Appointment ID: 6
[2026-09-24 23:08:27,244] 450 main -INFO -Appointment request received. Patient ID: 34, Slot ID: 1178
[2026-09-24 23:08:37,324] 91 main -INFO -Clinic homepage accessed
[2026-09-24 23:08:39,293] 91 main -INFO -Clinic homepage accessed
[2026-09-24 23:08:43,788] 253 main -INFO -Doctor profile accessed. Doctor ID: 1
