[2026-09-25 13:53:06,158] 1050 main -INFO -Doctor profile accessed. Doctor ID: 3
[2026-09-25 13:53:06,456] 1123 main -INFO -Doctor ID 3 has 42 available slots
[2026-09-25 13:53:12,403] 244 main -INFO -Clinic homepage accessed
[2026-09-25 13:53:30,430] 923 main -INFO -Doctors page accessed. Specialization=3
[2026-09-25 13:53:33,815] 1050 main -INFO -Doctor profile accessed. Doctor ID: 10
[2026-09-25 13:53:33,839] 1123 main -INFO -Doctor ID 10 has 42 available slots
[2026-09-25 13:53:37,542] 1200 main -INFO -Appointment booking page accessed :: slot_id=385
[2026-09-25 13:54:12,432] 692 main -INFO -Patient logged in :: patient_id=37
[2026-09-25 13:54:15,726] 923 main -INFO -Doctors page accessed. Specialization=None
[2026-09-25 13:54:18,799] 1050 main -INFO -Doctor profile accessed. Doctor ID: 1
[2026-09-25 13:54:18,823] 1123 main -INFO -Doctor ID 1 has 42 available slots
[2026-09-25 13:54:21,769] 1200 main -INFO -Appointment booking page accessed :: slot_id=8
[2026-09-25 13:54:37,499] 1378 main -INFO -Appointment creation requested :: slot_id=8, type=in_person
[2026-09-25 13:54:37,565] 1594 main -INFO -Appointment created successfully :: appointment_id=7, patient_id=37, doctor_id=1, slot_id=8
[2026-09-25 13:56:38,340] 1378 main -INFO -Appointment creation requested :: slot_id=8, type=in_person
[2026-09-25 13:56:40,611] 923 main -INFO -Doctors page accessed. Specialization=None
[2026-09-25 13:56:47,302] 1050 main -INFO -Doctor profile accessed. Doctor ID: 2
[2026-09-25 13:56:47,316] 1123 main -INFO -Doctor ID 2 has 42 available slots
[2026-09-25 13:56:52,067] 1200 main -INFO -Appointment booking page accessed :: slot_id=49
[2026-09-25 13:57:13,374] 1378 main -INFO -Appointment creation requested :: slot_id=49, type=in_person
[2026-09-25 13:57:13,390] 1594 main -INFO -Appointment created successfully :: appointment_id=8, patient_id=37, doctor_id=2, slot_id=49
[2026-09-25 14:02:56,376] 1378 main -INFO -Appointment creation requested :: slot_id=49, type=in_person
[2026-09-25 14:02:58,027] 923 main -INFO -Doctors page accessed. Specialization=None
[2026-09-25 14:03:09,095] 1050 main -INFO -Doctor profile accessed. Doctor ID: 1
[2026-09-25 14:03:09,100] 1123 main -INFO -Doctor ID 1 has 41 available slots
[2026-09-25 14:03:16,644] 1200 main -INFO -Appointment booking page accessed :: slot_id=12
[2026-09-25 14:05:09,632] 524 main -INFO -New patient registered :: patient_id=38, email=jatin@123
[2026-09-25 14:05:19,935] 923 main -INFO -Doctors page accessed. Specialization=None
[2026-09-25 14:05:41,677] 1050 main -INFO -Doctor profile accessed. Doctor ID: 32
[2026-09-25 14:05:41,686] 1123 main -INFO -Doctor ID 32 has 42 available slots
[2026-09-25 14:05:46,384] 1200 main -INFO -Appointment booking page accessed :: slot_id=1318
[2026-09-25 14:05:59,855] 1378 main -INFO -Appointment creation requested :: slot_id=1318, type=in_person
[2026-09-25 14:05:59,874] 1594 main -INFO -Appointment created successfully :: appointment_id=9, patient_id=38, doctor_id=32, slot_id=1318
[2026-09-25 14:11:32,484] 244 main -INFO -Clinic homepage accessed
